0 verbose cli C:\Program Files\nodejs\node.exe C:\Users\lucim\AppData\Roaming\npm\node_modules\npm\bin\npm-cli.js
1 info using npm@11.3.0
2 info using node@v22.14.0
3 silly config load:file:C:\Users\lucim\AppData\Roaming\npm\node_modules\npm\npmrc
4 silly config load:file:C:\Users\lucim\Documents\GitHub\AxiomaLandingPage\.npmrc
5 silly config load:file:C:\Users\lucim\.npmrc
6 silly config load:file:C:\Users\lucim\AppData\Roaming\npm\etc\npmrc
7 verbose title npm install resend
8 verbose argv "install" "resend"
9 verbose logfile logs-max:10 dir:C:\Users\lucim\Documents\GitHub\AxiomaLandingPage\UserslucimAppDataLocalnpm-cache\_logs\2025-12-08T22_53_55_771Z-
10 verbose logfile C:\Users\lucim\Documents\GitHub\AxiomaLandingPage\UserslucimAppDataLocalnpm-cache\_logs\2025-12-08T22_53_55_771Z-debug-0.log
11 silly logfile done cleaning log files
12 silly packumentCache heap:4345298944 maxSize:1086324736 maxEntrySize:543162368
13 silly idealTree buildDeps
14 silly fetch manifest resend@*
15 silly packumentCache full:https://registry.npmjs.org/resend cache-miss
16 http fetch GET 200 https://registry.npmjs.org/resend 358ms (cache miss)
17 silly packumentCache full:https://registry.npmjs.org/resend set size:undefined disposed:false
18 silly fetch manifest @react-email/render@*
19 silly packumentCache full:https://registry.npmjs.org/@react-email%2frender cache-miss
20 http fetch GET 200 https://registry.npmjs.org/@react-email%2frender 318ms (cache miss)
21 silly packumentCache full:https://registry.npmjs.org/@react-email%2frender set size:undefined disposed:false
22 silly fetch manifest react@19.2.0
23 silly packumentCache full:https://registry.npmjs.org/react cache-miss
24 http fetch GET 200 https://registry.npmjs.org/react 315ms (cache miss)
25 silly packumentCache full:https://registry.npmjs.org/react set size:undefined disposed:false
26 silly fetch manifest react-dom@19.2.0
27 silly packumentCache full:https://registry.npmjs.org/react-dom cache-miss
28 http fetch GET 200 https://registry.npmjs.org/react-dom 215ms (cache miss)
29 silly packumentCache full:https://registry.npmjs.org/react-dom set size:undefined disposed:false
30 silly placeDep ROOT resend@6.5.2 OK for: my-v0-project@0.1.0 want: *
31 silly fetch manifest svix@1.76.1
32 silly packumentCache full:https://registry.npmjs.org/svix cache-miss
33 http fetch GET 200 https://registry.npmjs.org/svix 139ms (cache miss)
34 silly packumentCache full:https://registry.npmjs.org/svix set size:undefined disposed:false
35 silly placeDep ROOT svix@1.76.1 OK for: resend@6.5.2 want: 1.76.1
36 silly fetch manifest uuid@^10.0.0
37 silly packumentCache full:https://registry.npmjs.org/uuid cache-miss
38 silly fetch manifest url-parse@^1.5.10
39 silly packumentCache full:https://registry.npmjs.org/url-parse cache-miss
40 silly fetch manifest es6-promise@^4.2.8
41 silly packumentCache full:https://registry.npmjs.org/es6-promise cache-miss
42 silly fetch manifest fast-sha256@^1.3.0
43 silly packumentCache full:https://registry.npmjs.org/fast-sha256 cache-miss
44 silly fetch manifest @stablelib/base64@^1.0.0
45 silly packumentCache full:https://registry.npmjs.org/@stablelib%2fbase64 cache-miss
46 http fetch GET 200 https://registry.npmjs.org/uuid 85ms (cache miss)
47 silly packumentCache full:https://registry.npmjs.org/uuid set size:undefined disposed:false
48 http fetch GET 200 https://registry.npmjs.org/es6-promise 147ms (cache miss)
49 silly packumentCache full:https://registry.npmjs.org/es6-promise set size:undefined disposed:false
50 http fetch GET 200 https://registry.npmjs.org/fast-sha256 182ms (cache miss)
51 silly packumentCache full:https://registry.npmjs.org/fast-sha256 set size:undefined disposed:false
52 http fetch GET 200 https://registry.npmjs.org/@stablelib%2fbase64 401ms (cache miss)
53 silly packumentCache full:https://registry.npmjs.org/@stablelib%2fbase64 set size:undefined disposed:false
54 http fetch GET 200 https://registry.npmjs.org/url-parse 867ms (cache miss)
55 silly packumentCache full:https://registry.npmjs.org/url-parse set size:undefined disposed:false
56 silly placeDep ROOT @stablelib/base64@1.0.1 OK for: svix@1.76.1 want: ^1.0.0
57 silly placeDep ROOT es6-promise@4.2.8 OK for: svix@1.76.1 want: ^4.2.8
58 silly placeDep ROOT fast-sha256@1.3.0 OK for: svix@1.76.1 want: ^1.3.0
59 silly placeDep ROOT url-parse@1.5.10 OK for: svix@1.76.1 want: ^1.5.10
60 silly placeDep ROOT uuid@10.0.0 OK for: svix@1.76.1 want: ^10.0.0
61 silly fetch manifest querystringify@^2.1.1
62 silly packumentCache full:https://registry.npmjs.org/querystringify cache-miss
63 silly fetch manifest requires-port@^1.0.0
64 silly packumentCache full:https://registry.npmjs.org/requires-port cache-miss
65 http fetch GET 200 https://registry.npmjs.org/requires-port 99ms (cache miss)
66 silly packumentCache full:https://registry.npmjs.org/requires-port set size:undefined disposed:false
67 http fetch GET 200 https://registry.npmjs.org/querystringify 767ms (cache miss)
68 silly packumentCache full:https://registry.npmjs.org/querystringify set size:undefined disposed:false
69 silly placeDep ROOT querystringify@2.2.0 OK for: url-parse@1.5.10 want: ^2.1.1
70 silly placeDep ROOT requires-port@1.0.0 OK for: url-parse@1.5.10 want: ^1.0.0
71 silly reify moves {}
72 silly audit bulk request {
72 silly audit   '@alloc/quick-lru': [ '5.2.0' ],
72 silly audit   '@babel/runtime': [ '7.28.4' ],
72 silly audit   '@date-fns/tz': [ '1.2.0' ],
72 silly audit   '@emnapi/runtime': [ '1.7.1' ],
72 silly audit   '@floating-ui/core': [ '1.7.3' ],
72 silly audit   '@floating-ui/dom': [ '1.7.4' ],
72 silly audit   '@floating-ui/react-dom': [ '2.1.6' ],
72 silly audit   '@floating-ui/utils': [ '0.2.10' ],
72 silly audit   '@hookform/resolvers': [ '3.10.0' ],
72 silly audit   '@img/colour': [ '1.0.0' ],
72 silly audit   '@img/sharp-darwin-arm64': [ '0.34.5' ],
72 silly audit   '@img/sharp-darwin-x64': [ '0.34.5' ],
72 silly audit   '@img/sharp-libvips-darwin-arm64': [ '1.2.4' ],
72 silly audit   '@img/sharp-libvips-darwin-x64': [ '1.2.4' ],
72 silly audit   '@img/sharp-libvips-linux-arm': [ '1.2.4' ],
72 silly audit   '@img/sharp-libvips-linux-arm64': [ '1.2.4' ],
72 silly audit   '@img/sharp-libvips-linux-ppc64': [ '1.2.4' ],
72 silly audit   '@img/sharp-libvips-linux-riscv64': [ '1.2.4' ],
72 silly audit   '@img/sharp-libvips-linux-s390x': [ '1.2.4' ],
72 silly audit   '@img/sharp-libvips-linux-x64': [ '1.2.4' ],
72 silly audit   '@img/sharp-libvips-linuxmusl-arm64': [ '1.2.4' ],
72 silly audit   '@img/sharp-libvips-linuxmusl-x64': [ '1.2.4' ],
72 silly audit   '@img/sharp-linux-arm': [ '0.34.5' ],
72 silly audit   '@img/sharp-linux-arm64': [ '0.34.5' ],
72 silly audit   '@img/sharp-linux-ppc64': [ '0.34.5' ],
72 silly audit   '@img/sharp-linux-riscv64': [ '0.34.5' ],
72 silly audit   '@img/sharp-linux-s390x': [ '0.34.5' ],
72 silly audit   '@img/sharp-linux-x64': [ '0.34.5' ],
72 silly audit   '@img/sharp-linuxmusl-arm64': [ '0.34.5' ],
72 silly audit   '@img/sharp-linuxmusl-x64': [ '0.34.5' ],
72 silly audit   '@img/sharp-wasm32': [ '0.34.5' ],
72 silly audit   '@img/sharp-win32-arm64': [ '0.34.5' ],
72 silly audit   '@img/sharp-win32-ia32': [ '0.34.5' ],
72 silly audit   '@img/sharp-win32-x64': [ '0.34.5' ],
72 silly audit   '@jridgewell/gen-mapping': [ '0.3.13' ],
72 silly audit   '@jridgewell/remapping': [ '2.3.5' ],
72 silly audit   '@jridgewell/resolve-uri': [ '3.1.2' ],
72 silly audit   '@jridgewell/sourcemap-codec': [ '1.5.5' ],
72 silly audit   '@jridgewell/trace-mapping': [ '0.3.31' ],
72 silly audit   '@next/env': [ '16.0.7' ],
72 silly audit   '@next/swc-darwin-arm64': [ '16.0.7' ],
72 silly audit   '@next/swc-darwin-x64': [ '16.0.7' ],
72 silly audit   '@next/swc-linux-arm64-gnu': [ '16.0.7' ],
72 silly audit   '@next/swc-linux-arm64-musl': [ '16.0.7' ],
72 silly audit   '@next/swc-linux-x64-gnu': [ '16.0.7' ],
72 silly audit   '@next/swc-linux-x64-musl': [ '16.0.7' ],
72 silly audit   '@next/swc-win32-arm64-msvc': [ '16.0.7' ],
72 silly audit   '@next/swc-win32-x64-msvc': [ '16.0.7' ],
72 silly audit   '@radix-ui/number': [ '1.1.0' ],
72 silly audit   '@radix-ui/primitive': [ '1.1.1' ],
72 silly audit   '@radix-ui/react-accordion': [ '1.2.2' ],
72 silly audit   '@radix-ui/react-alert-dialog': [ '1.1.4' ],
72 silly audit   '@radix-ui/react-arrow': [ '1.1.1' ],
72 silly audit   '@radix-ui/react-aspect-ratio': [ '1.1.1' ],
72 silly audit   '@radix-ui/react-avatar': [ '1.1.2' ],
72 silly audit   '@radix-ui/react-checkbox': [ '1.1.3' ],
72 silly audit   '@radix-ui/react-collapsible': [ '1.1.2' ],
72 silly audit   '@radix-ui/react-collection': [ '1.1.1' ],
72 silly audit   '@radix-ui/react-compose-refs': [ '1.1.1' ],
72 silly audit   '@radix-ui/react-context': [ '1.1.1' ],
72 silly audit   '@radix-ui/react-context-menu': [ '2.2.4' ],
72 silly audit   '@radix-ui/react-dialog': [ '1.1.4' ],
72 silly audit   '@radix-ui/react-direction': [ '1.1.0' ],
72 silly audit   '@radix-ui/react-dismissable-layer': [ '1.1.3' ],
72 silly audit   '@radix-ui/react-dropdown-menu': [ '2.1.4' ],
72 silly audit   '@radix-ui/react-focus-guards': [ '1.1.1' ],
72 silly audit   '@radix-ui/react-focus-scope': [ '1.1.1' ],
72 silly audit   '@radix-ui/react-hover-card': [ '1.1.4' ],
72 silly audit   '@radix-ui/react-id': [ '1.1.0' ],
72 silly audit   '@radix-ui/react-label': [ '2.1.1' ],
72 silly audit   '@radix-ui/react-menu': [ '2.1.4' ],
72 silly audit   '@radix-ui/react-menubar': [ '1.1.4' ],
72 silly audit   '@radix-ui/react-navigation-menu': [ '1.2.3' ],
72 silly audit   '@radix-ui/react-popover': [ '1.1.4' ],
72 silly audit   '@radix-ui/react-popper': [ '1.2.1' ],
72 silly audit   '@radix-ui/react-portal': [ '1.1.3' ],
72 silly audit   '@radix-ui/react-presence': [ '1.1.2' ],
72 silly audit   '@radix-ui/react-primitive': [ '2.0.1' ],
72 silly audit   '@radix-ui/react-progress': [ '1.1.1' ],
72 silly audit   '@radix-ui/react-radio-group': [ '1.2.2' ],
72 silly audit   '@radix-ui/react-roving-focus': [ '1.1.1' ],
72 silly audit   '@radix-ui/react-scroll-area': [ '1.2.2' ],
72 silly audit   '@radix-ui/react-select': [ '2.1.4' ],
72 silly audit   '@radix-ui/react-separator': [ '1.1.1' ],
72 silly audit   '@radix-ui/react-slider': [ '1.2.2' ],
72 silly audit   '@radix-ui/react-slot': [ '1.1.1' ],
72 silly audit   '@radix-ui/react-switch': [ '1.1.2' ],
72 silly audit   '@radix-ui/react-tabs': [ '1.1.2' ],
72 silly audit   '@radix-ui/react-toast': [ '1.2.4' ],
72 silly audit   '@radix-ui/react-toggle': [ '1.1.1' ],
72 silly audit   '@radix-ui/react-toggle-group': [ '1.1.1' ],
72 silly audit   '@radix-ui/react-tooltip': [ '1.1.6' ],
72 silly audit   '@radix-ui/react-use-callback-ref': [ '1.1.0' ],
72 silly audit   '@radix-ui/react-use-controllable-state': [ '1.1.0' ],
72 silly audit   '@radix-ui/react-use-escape-keydown': [ '1.1.0' ],
72 silly audit   '@radix-ui/react-use-layout-effect': [ '1.1.0' ],
72 silly audit   '@radix-ui/react-use-previous': [ '1.1.0' ],
72 silly audit   '@radix-ui/react-use-rect': [ '1.1.0' ],
72 silly audit   '@radix-ui/react-use-size': [ '1.1.0' ],
72 silly audit   '@radix-ui/react-visually-hidden': [ '1.1.1' ],
72 silly audit   '@radix-ui/rect': [ '1.1.0' ],
72 silly audit   '@swc/helpers': [ '0.5.15' ],
72 silly audit   '@tailwindcss/node': [ '4.1.17' ],
72 silly audit   '@tailwindcss/oxide': [ '4.1.17' ],
72 silly audit   '@tailwindcss/oxide-android-arm64': [ '4.1.17' ],
72 silly audit   '@tailwindcss/oxide-darwin-arm64': [ '4.1.17' ],
72 silly audit   '@tailwindcss/oxide-darwin-x64': [ '4.1.17' ],
72 silly audit   '@tailwindcss/oxide-freebsd-x64': [ '4.1.17' ],
72 silly audit   '@tailwindcss/oxide-linux-arm-gnueabihf': [ '4.1.17' ],
72 silly audit   '@tailwindcss/oxide-linux-arm64-gnu': [ '4.1.17' ],
72 silly audit   '@tailwindcss/oxide-linux-arm64-musl': [ '4.1.17' ],
72 silly audit   '@tailwindcss/oxide-linux-x64-gnu': [ '4.1.17' ],
72 silly audit   '@tailwindcss/oxide-linux-x64-musl': [ '4.1.17' ],
72 silly audit   '@tailwindcss/oxide-wasm32-wasi': [ '4.1.17' ],
72 silly audit   '@tailwindcss/oxide-win32-arm64-msvc': [ '4.1.17' ],
72 silly audit   '@tailwindcss/oxide-win32-x64-msvc': [ '4.1.17' ],
72 silly audit   '@tailwindcss/postcss': [ '4.1.17' ],
72 silly audit   '@types/d3-array': [ '3.2.2' ],
72 silly audit   '@types/d3-color': [ '3.1.3' ],
72 silly audit   '@types/d3-ease': [ '3.0.2' ],
72 silly audit   '@types/d3-interpolate': [ '3.0.4' ],
72 silly audit   '@types/d3-path': [ '3.1.1' ],
72 silly audit   '@types/d3-scale': [ '4.0.9' ],
72 silly audit   '@types/d3-shape': [ '3.1.7' ],
72 silly audit   '@types/d3-time': [ '3.0.4' ],
72 silly audit   '@types/d3-timer': [ '3.0.2' ],
72 silly audit   '@types/node': [ '22.19.1' ],
72 silly audit   '@types/react': [ '19.2.7' ],
72 silly audit   '@types/react-dom': [ '19.2.3' ],
72 silly audit   '@vercel/analytics': [ '1.6.1' ],
72 silly audit   'aria-hidden': [ '1.2.6' ],
72 silly audit   autoprefixer: [ '10.4.22' ],
72 silly audit   'baseline-browser-mapping': [ '2.9.5' ],
72 silly audit   browserslist: [ '4.28.1' ],
72 silly audit   'caniuse-lite': [ '1.0.30001759' ],
72 silly audit   'class-variance-authority': [ '0.7.1' ],
72 silly audit   'client-only': [ '0.0.1' ],
72 silly audit   clsx: [ '2.1.1' ],
72 silly audit   cmdk: [ '1.0.4' ],
72 silly audit   csstype: [ '3.2.3' ],
72 silly audit   'd3-array': [ '3.2.4' ],
72 silly audit   'd3-color': [ '3.1.0' ],
72 silly audit   'd3-ease': [ '3.0.1' ],
72 silly audit   'd3-format': [ '3.1.0' ],
72 silly audit   'd3-interpolate': [ '3.0.1' ],
72 silly audit   'd3-path': [ '3.1.0' ],
72 silly audit   'd3-scale': [ '4.0.2' ],
72 silly audit   'd3-shape': [ '3.2.0' ],
72 silly audit   'd3-time': [ '3.1.0' ],
72 silly audit   'd3-time-format': [ '4.1.0' ],
72 silly audit   'd3-timer': [ '3.0.1' ],
72 silly audit   'date-fns': [ '4.1.0' ],
72 silly audit   'date-fns-jalali': [ '4.1.0-0' ],
72 silly audit   'decimal.js-light': [ '2.5.1' ],
72 silly audit   'detect-libc': [ '2.1.2' ],
72 silly audit   'detect-node-es': [ '1.1.0' ],
72 silly audit   'dom-helpers': [ '5.2.1' ],
72 silly audit   'electron-to-chromium': [ '1.5.267' ],
72 silly audit   'embla-carousel': [ '8.5.1' ],
72 silly audit   'embla-carousel-react': [ '8.5.1' ],
72 silly audit   'embla-carousel-reactive-utils': [ '8.5.1' ],
72 silly audit   'enhanced-resolve': [ '5.18.3' ],
72 silly audit   escalade: [ '3.2.0' ],
72 silly audit   eventemitter3: [ '4.0.7' ],
72 silly audit   'fast-equals': [ '5.3.3' ],
72 silly audit   'fraction.js': [ '5.3.4' ],
72 silly audit   'get-nonce': [ '1.0.1' ],
72 silly audit   'graceful-fs': [ '4.2.11' ],
72 silly audit   'input-otp': [ '1.4.1' ],
72 silly audit   internmap: [ '2.0.3' ],
72 silly audit   jiti: [ '2.6.1' ],
72 silly audit   'js-tokens': [ '4.0.0' ],
72 silly audit   lightningcss: [ '1.30.2' ],
72 silly audit   'lightningcss-android-arm64': [ '1.30.2' ],
72 silly audit   'lightningcss-darwin-arm64': [ '1.30.2' ],
72 silly audit   'lightningcss-darwin-x64': [ '1.30.2' ],
72 silly audit   'lightningcss-freebsd-x64': [ '1.30.2' ],
72 silly audit   'lightningcss-linux-arm-gnueabihf': [ '1.30.2' ],
72 silly audit   'lightningcss-linux-arm64-gnu': [ '1.30.2' ],
72 silly audit   'lightningcss-linux-arm64-musl': [ '1.30.2' ],
72 silly audit   'lightningcss-linux-x64-gnu': [ '1.30.2' ],
72 silly audit   'lightningcss-linux-x64-musl': [ '1.30.2' ],
72 silly audit   'lightningcss-win32-arm64-msvc': [ '1.30.2' ],
72 silly audit   'lightningcss-win32-x64-msvc': [ '1.30.2' ],
72 silly audit   lodash: [ '4.17.21' ],
72 silly audit   'loose-envify': [ '1.4.0' ],
72 silly audit   'lucide-react': [ '0.454.0' ],
72 silly audit   'magic-string': [ '0.30.21' ],
72 silly audit   nanoid: [ '3.3.11' ],
72 silly audit   next: [ '16.0.7' ],
72 silly audit   'next-themes': [ '0.4.6' ],
72 silly audit   postcss: [ '8.4.31', '8.5.6' ],
72 silly audit   'node-releases': [ '2.0.27' ],
72 silly audit   'normalize-range': [ '0.1.2' ],
72 silly audit   'object-assign': [ '4.1.1' ],
72 silly audit   picocolors: [ '1.1.1' ],
72 silly audit   'postcss-value-parser': [ '4.2.0' ],
72 silly audit   'prop-types': [ '15.8.1' ],
72 silly audit   'react-is': [ '16.13.1', '18.3.1' ],
72 silly audit   react: [ '19.2.0' ],
72 silly audit   'react-day-picker': [ '9.8.0' ],
72 silly audit   'react-dom': [ '19.2.0' ],
72 silly audit   'react-hook-form': [ '7.68.0' ],
72 silly audit   'react-remove-scroll': [ '2.7.2' ],
72 silly audit   'react-remove-scroll-bar': [ '2.3.8' ],
72 silly audit   'react-resizable-panels': [ '2.1.9' ],
72 silly audit   'react-smooth': [ '4.0.4' ],
72 silly audit   'react-style-singleton': [ '2.2.3' ],
72 silly audit   'react-transition-group': [ '4.4.5' ],
72 silly audit   recharts: [ '2.15.4' ],
72 silly audit   'recharts-scale': [ '0.4.5' ],
72 silly audit   scheduler: [ '0.27.0' ],
72 silly audit   semver: [ '7.7.3' ],
72 silly audit   sharp: [ '0.34.5' ],
72 silly audit   sonner: [ '1.7.4' ],
72 silly audit   'source-map-js': [ '1.2.1' ],
72 silly audit   'styled-jsx': [ '5.1.6' ],
72 silly audit   'tailwind-merge': [ '2.6.0' ],
72 silly audit   tailwindcss: [ '4.1.17' ],
72 silly audit   'tailwindcss-animate': [ '1.0.7' ],
72 silly audit   tapable: [ '2.3.0' ],
72 silly audit   'tiny-invariant': [ '1.3.3' ],
72 silly audit   tslib: [ '2.8.1' ],
72 silly audit   'tw-animate-css': [ '1.3.3' ],
72 silly audit   typescript: [ '5.9.3' ],
72 silly audit   'undici-types': [ '6.21.0' ],
72 silly audit   'update-browserslist-db': [ '1.2.2' ],
72 silly audit   'use-callback-ref': [ '1.3.3' ],
72 silly audit   'use-sidecar': [ '1.1.3' ],
72 silly audit   'use-sync-external-store': [ '1.6.0' ],
72 silly audit   vaul: [ '1.1.2' ],
72 silly audit   'victory-vendor': [ '36.9.2' ],
72 silly audit   zod: [ '3.25.76' ],
72 silly audit   resend: [ '6.5.2' ],
72 silly audit   svix: [ '1.76.1' ],
72 silly audit   '@stablelib/base64': [ '1.0.1' ],
72 silly audit   'es6-promise': [ '4.2.8' ],
72 silly audit   'fast-sha256': [ '1.3.0' ],
72 silly audit   'url-parse': [ '1.5.10' ],
72 silly audit   uuid: [ '10.0.0' ],
72 silly audit   querystringify: [ '2.2.0' ],
72 silly audit   'requires-port': [ '1.0.0' ]
72 silly audit }
73 http cache requires-port@https://registry.npmjs.org/requires-port/-/requires-port-1.0.0.tgz 0ms (cache hit)
74 http cache querystringify@https://registry.npmjs.org/querystringify/-/querystringify-2.2.0.tgz 0ms (cache hit)
75 http cache uuid@https://registry.npmjs.org/uuid/-/uuid-10.0.0.tgz 0ms (cache hit)
76 http cache url-parse@https://registry.npmjs.org/url-parse/-/url-parse-1.5.10.tgz 0ms (cache hit)
77 http cache @stablelib/base64@https://registry.npmjs.org/@stablelib/base64/-/base64-1.0.1.tgz 0ms (cache hit)
78 http cache fast-sha256@https://registry.npmjs.org/fast-sha256/-/fast-sha256-1.3.0.tgz 0ms (cache hit)
79 silly tarball no local data for requires-port@https://registry.npmjs.org/requires-port/-/requires-port-1.0.0.tgz. Extracting by manifest.
80 silly tarball no local data for querystringify@https://registry.npmjs.org/querystringify/-/querystringify-2.2.0.tgz. Extracting by manifest.
81 silly tarball no local data for uuid@https://registry.npmjs.org/uuid/-/uuid-10.0.0.tgz. Extracting by manifest.
82 silly tarball no local data for url-parse@https://registry.npmjs.org/url-parse/-/url-parse-1.5.10.tgz. Extracting by manifest.
83 silly tarball no local data for @stablelib/base64@https://registry.npmjs.org/@stablelib/base64/-/base64-1.0.1.tgz. Extracting by manifest.
84 silly tarball no local data for fast-sha256@https://registry.npmjs.org/fast-sha256/-/fast-sha256-1.3.0.tgz. Extracting by manifest.
85 http cache svix@https://registry.npmjs.org/svix/-/svix-1.76.1.tgz 0ms (cache hit)
86 http cache es6-promise@https://registry.npmjs.org/es6-promise/-/es6-promise-4.2.8.tgz 0ms (cache hit)
87 http cache resend@https://registry.npmjs.org/resend/-/resend-6.5.2.tgz 0ms (cache hit)
88 silly tarball no local data for svix@https://registry.npmjs.org/svix/-/svix-1.76.1.tgz. Extracting by manifest.
89 silly tarball no local data for es6-promise@https://registry.npmjs.org/es6-promise/-/es6-promise-4.2.8.tgz. Extracting by manifest.
90 silly tarball no local data for resend@https://registry.npmjs.org/resend/-/resend-6.5.2.tgz. Extracting by manifest.
91 http fetch GET 200 https://registry.npmjs.org/querystringify/-/querystringify-2.2.0.tgz 96ms (cache miss)
92 http fetch GET 200 https://registry.npmjs.org/requires-port/-/requires-port-1.0.0.tgz 97ms (cache miss)
93 http fetch GET 200 https://registry.npmjs.org/url-parse/-/url-parse-1.5.10.tgz 99ms (cache miss)
94 http fetch GET 200 https://registry.npmjs.org/fast-sha256/-/fast-sha256-1.3.0.tgz 170ms (cache miss)
95 http fetch GET 200 https://registry.npmjs.org/resend/-/resend-6.5.2.tgz 185ms (cache miss)
96 http fetch GET 200 https://registry.npmjs.org/es6-promise/-/es6-promise-4.2.8.tgz 204ms (cache miss)
97 http fetch GET 200 https://registry.npmjs.org/uuid/-/uuid-10.0.0.tgz 231ms (cache miss)
98 http fetch POST 200 https://registry.npmjs.org/-/npm/v1/security/advisories/bulk 379ms
99 silly audit report {}
100 http fetch GET 200 https://registry.npmjs.org/@stablelib/base64/-/base64-1.0.1.tgz 809ms (cache miss)
101 http fetch GET 200 https://registry.npmjs.org/svix/-/svix-1.76.1.tgz 881ms (cache miss)
102 silly ADD node_modules/requires-port
103 silly ADD node_modules/querystringify
104 silly ADD node_modules/uuid
105 silly ADD node_modules/url-parse
106 silly ADD node_modules/fast-sha256
107 silly ADD node_modules/es6-promise
108 silly ADD node_modules/@stablelib/base64
109 silly ADD node_modules/svix
110 silly ADD node_modules/resend
111 verbose cwd C:\Users\lucim\Documents\GitHub\AxiomaLandingPage
112 verbose os Windows_NT 10.0.26100
113 verbose node v22.14.0
114 verbose npm  v11.3.0
115 verbose exit 0
116 info ok
